
[TestLexter - 1]
[]html.Node{
    &html.ElementNode{
        Type:     "ELEMENT",
        Tag:      "html",
        Children: {
            &html.TextNode{Type:"TEXT", Content:"\n  ", HasEnding:false},
            &html.ElementNode{
                Type:     "ELEMENT",
                Tag:      "head",
                Children: {
                    &html.TextNode{Type:"TEXT", Content:"\n    ", HasEnding:false},
                    &html.ElementNode{
                        Type:     "ELEMENT",
                        Tag:      "meta",
                        Children: {
                        },
                        IsKnownVoid: true,
                        HasEnding:   false,
                        data:        {
                            "content":    {Value:"text/html; charset=iso-8859-1", IsPresent:true},
                            "http-equiv": {Value:"Content-Type", IsPresent:true},
                        },
                        rwLock: sync.RWMutex{},
                    },
                    &html.TextNode{Type:"TEXT", Content:"\n    ", HasEnding:false},
                    &html.ElementNode{
                        Type:     "ELEMENT",
                        Tag:      "title",
                        Children: {
                            &html.TextNode{Type:"TEXT", Content:" Test display of HTML elements ", HasEnding:false},
                        },
                        IsKnownVoid: false,
                        HasEnding:   true,
                        data:        {
                        },
                        rwLock: sync.RWMutex{},
                    },
                    &html.TextNode{Type:"TEXT", Content:"\n  ", HasEnding:false},
                },
                IsKnownVoid: false,
                HasEnding:   true,
                data:        {
                },
                rwLock: sync.RWMutex{},
            },
            &html.TextNode{Type:"TEXT", Content:"\n  ", HasEnding:false},
            &html.ElementNode{
                Type:     "ELEMENT",
                Tag:      "body",
                Children: {
                    &html.TextNode{Type:"TEXT", Content:"\n    ", HasEnding:false},
                    &html.ElementNode{
                        Type:     "ELEMENT",
                        Tag:      "header",
                        Children: {
                            &html.TextNode{Type:"TEXT", Content:"\n      ", HasEnding:false},
                            &html.ElementNode{
                                Type:     "ELEMENT",
                                Tag:      "h1",
                                Children: {
                                    &html.TextNode{Type:"TEXT", Content:"Testing display of HTML elements", HasEnding:false},
                                },
                                IsKnownVoid: false,
                                HasEnding:   true,
                                data:        {
                                },
                                rwLock: sync.RWMutex{},
                            },
                            &html.TextNode{Type:"TEXT", Content:"\n      ", HasEnding:false},
                            &html.ElementNode{
                                Type:     "ELEMENT",
                                Tag:      "p",
                                Children: {
                                    &html.TextNode{Type:"TEXT", Content:"This is the document ", HasEnding:false},
                                    &html.ElementNode{
                                        Type:     "ELEMENT",
                                        Tag:      "code",
                                        Children: {
                                            !%v(DEPTH EXCEEDED),
                                        },
                                        IsKnownVoid: false,
                                        HasEnding:   true,
                                        data:        {
                                        },
                                        rwLock: sync.RWMutex{},
                                    },
                                },
                                IsKnownVoid: false,
                                HasEnding:   true,
                                data:        {
                                },
                                rwLock: sync.RWMutex{},
                            },
                            &html.TextNode{Type:"TEXT", Content:"\n    ", HasEnding:false},
                        },
                        IsKnownVoid: false,
                        HasEnding:   true,
                        data:        {
                        },
                        rwLock: sync.RWMutex{},
                    },
                    &html.TextNode{Type:"TEXT", Content:"\n    ", HasEnding:false},
                    &html.ElementNode{
                        Type:     "ELEMENT",
                        Tag:      "main",
                        Children: {
                            &html.TextNode{Type:"TEXT", Content:"\n      ", HasEnding:false},
                            &html.ElementNode{
                                Type:     "ELEMENT",
                                Tag:      "article",
                                Children: {
                                    &html.TextNode{Type:"TEXT", Content:"\n        ", HasEnding:false},
                                    &html.ElementNode{
                                        Type:     "ELEMENT",
                                        Tag:      "h1",
                                        Children: {
                                            !%v(DEPTH EXCEEDED),
                                        },
                                        IsKnownVoid: false,
                                        HasEnding:   true,
                                        data:        {
                                        },
                                        rwLock: sync.RWMutex{},
                                    },
                                    &html.TextNode{Type:"TEXT", Content:"\n        ", HasEnding:false},
                                    &html.ElementNode{
                                        Type:     "ELEMENT",
                                        Tag:      "p",
                                        Children: {
                                            !%v(DEPTH EXCEEDED),
                                        },
                                        IsKnownVoid: false,
                                        HasEnding:   true,
                                        data:        {
                                        },
                                        rwLock: sync.RWMutex{},
                                    },
                                    &html.TextNode{Type:"TEXT", Content:"\n        ", HasEnding:false},
                                    &html.ElementNode{
                                        Type:     "ELEMENT",
                                        Tag:      "h2",
                                        Children: {
                                            !%v(DEPTH EXCEEDED),
                                        },
                                        IsKnownVoid: false,
                                        HasEnding:   true,
                                        data:        {
                                        },
                                        rwLock: sync.RWMutex{},
                                    },
                                    &html.TextNode{Type:"TEXT", Content:"\n        ", HasEnding:false},
                                    &html.ElementNode{
                                        Type:     "ELEMENT",
                                        Tag:      "p",
                                        Children: {
                                            !%v(DEPTH EXCEEDED),
                                        },
                                        IsKnownVoid: false,
                                        HasEnding:   true,
                                        data:        {
                                        },
                                        rwLock: sync.RWMutex{},
                                    },
                                    &html.TextNode{Type:"TEXT", Content:"\n        ", HasEnding:false},
                                    &html.ElementNode{
                                        Type:     "ELEMENT",
                                        Tag:      "h3",
                                        Children: {
                                            !%v(DEPTH EXCEEDED),
                                        },
                                        IsKnownVoid: false,
                                        HasEnding:   true,
                                        data:        {
                                        },
                                        rwLock: sync.RWMutex{},
                                    },
                                    &html.TextNode{Type:"TEXT", Content:"\n        ", HasEnding:false},
                                    &html.ElementNode{
                                        Type:     "ELEMENT",
                                        Tag:      "p",
                                        Children: {
                                            !%v(DEPTH EXCEEDED),
                                        },
                                        IsKnownVoid: false,
                                        HasEnding:   true,
                                        data:        {
                                        },
                                        rwLock: sync.RWMutex{},
                                    },
                                    &html.TextNode{Type:"TEXT", Content:"\n        ", HasEnding:false},
                                    &html.ElementNode{
                                        Type:     "ELEMENT",
                                        Tag:      "h4",
                                        Children: {
                                            !%v(DEPTH EXCEEDED),
                                        },
                                        IsKnownVoid: false,
                                        HasEnding:   true,
                                        data:        {
                                        },
                                        rwLock: sync.RWMutex{},
                                    },
                                    &html.TextNode{Type:"TEXT", Content:"\n        ", HasEnding:false},
                                    &html.ElementNode{
                                        Type:     "ELEMENT",
                                        Tag:      "p",
                                        Children: {
                                            !%v(DEPTH EXCEEDED),
                                        },
                                        IsKnownVoid: false,
                                        HasEnding:   true,
                                        data:        {
                                        },
                                        rwLock: sync.RWMutex{},
                                    },
                                    &html.TextNode{Type:"TEXT", Content:"\n        ", HasEnding:false},
                                    &html.ElementNode{
                                        Type:     "ELEMENT",
                                        Tag:      "h5",
                                        Children: {
                                            !%v(DEPTH EXCEEDED),
                                        },
                                        IsKnownVoid: false,
                                        HasEnding:   true,
                                        data:        {
                                        },
                                        rwLock: sync.RWMutex{},
                                    },
                                    &html.TextNode{Type:"TEXT", Content:"\n        ", HasEnding:false},
                                    &html.ElementNode{
                                        Type:     "ELEMENT",
                                        Tag:      "p",
                                        Children: {
                                            !%v(DEPTH EXCEEDED),
                                        },
                                        IsKnownVoid: false,
                                        HasEnding:   true,
                                        data:        {
                                        },
                                        rwLock: sync.RWMutex{},
                                    },
                                    &html.TextNode{Type:"TEXT", Content:"\n        ", HasEnding:false},
                                    &html.ElementNode{
                                        Type:     "ELEMENT",
                                        Tag:      "h6",
                                        Children: {
                                            !%v(DEPTH EXCEEDED),
                                        },
                                        IsKnownVoid: false,
                                        HasEnding:   true,
                                        data:        {
                                        },
                                        rwLock: sync.RWMutex{},
                                    },
                                    &html.TextNode{Type:"TEXT", Content:"\n        ", HasEnding:false},
                                    &html.ElementNode{
                                        Type:     "ELEMENT",
                                        Tag:      "p",
                                        Children: {
                                            !%v(DEPTH EXCEEDED),
                                        },
                                        IsKnownVoid: false,
                                        HasEnding:   true,
                                        data:        {
                                        },
                                        rwLock: sync.RWMutex{},
                                    },
                                    &html.TextNode{Type:"TEXT", Content:"\n      ", HasEnding:false},
                                },
                                IsKnownVoid: false,
                                HasEnding:   true,
                                data:        {
                                    "aria-label": {Value:"headings", IsPresent:true},
                                },
                                rwLock: sync.RWMutex{},
                            },
                            &html.TextNode{Type:"TEXT", Content:"\n      ", HasEnding:false},
                            &html.ElementNode{
                                Type:     "ELEMENT",
                                Tag:      "article",
                                Children: {
                                    &html.TextNode{Type:"TEXT", Content:"\n        ", HasEnding:false},
                                    &html.ElementNode{
                                        Type:     "ELEMENT",
                                        Tag:      "h2",
                                        Children: {
                                            !%v(DEPTH EXCEEDED),
                                        },
                                        IsKnownVoid: false,
                                        HasEnding:   true,
                                        data:        {
                                        },
                                        rwLock: sync.RWMutex{},
                                    },
                                    &html.TextNode{Type:"TEXT", Content:"\n        ", HasEnding:false},
                                    &html.ElementNode{
                                        Type:     "ELEMENT",
                                        Tag:      "p",
                                        Children: {
                                            !%v(DEPTH EXCEEDED),
                                            !%v(DEPTH EXCEEDED),
                                            !%v(DEPTH EXCEEDED),
                                            !%v(DEPTH EXCEEDED),
                                            !%v(DEPTH EXCEEDED),
                                        },
                                        IsKnownVoid: false,
                                        HasEnding:   true,
                                        data:        {
                                        },
                                        rwLock: sync.RWMutex{},
                                    },
                                    &html.TextNode{Type:"TEXT", Content:"\n        ", HasEnding:false},
                                    &html.ElementNode{
                                        Type:     "ELEMENT",
                                        Tag:      "p",
                                        Children: {
                                            !%v(DEPTH EXCEEDED),
                                        },
                                        IsKnownVoid: false,
                                        HasEnding:   true,
                                        data:        {
                                        },
                                        rwLock: sync.RWMutex{},
                                    },
                                    &html.TextNode{Type:"TEXT", Content:"\n        ", HasEnding:false},
                                    &html.ElementNode{
                                        Type:     "ELEMENT",
                                        Tag:      "div",
                                        Children: {
                                            !%v(DEPTH EXCEEDED),
                                            !%v(DEPTH EXCEEDED),
                                            !%v(DEPTH EXCEEDED),
                                            !%v(DEPTH EXCEEDED),
                                            !%v(DEPTH EXCEEDED),
                                        },
                                        IsKnownVoid: false,
                                        HasEnding:   true,
                                        data:        {
                                        },
                                        rwLock: sync.RWMutex{},
                                    },
                                    &html.TextNode{Type:"TEXT", Content:"\n        ", HasEnding:false},
                                    &html.ElementNode{
                                        Type:     "ELEMENT",
                                        Tag:      "blockquote",
                                        Children: {
                                            !%v(DEPTH EXCEEDED),
                                            !%v(DEPTH EXCEEDED),
                                            !%v(DEPTH EXCEEDED),
                                        },
                                        IsKnownVoid: false,
                                        HasEnding:   true,
                                        data:        {
                                        },
                                        rwLock: sync.RWMutex{},
                                    },
                                    &html.TextNode{Type:"TEXT", Content:"\n        ", HasEnding:false},
                                    &html.ElementNode{
                                        Type:     "ELEMENT",
                                        Tag:      "p",
                                        Children: {
                                            !%v(DEPTH EXCEEDED),
                                            !%v(DEPTH EXCEEDED),
                                            !%v(DEPTH EXCEEDED),
                                        },
                                        IsKnownVoid: false,
                                        HasEnding:   true,
                                        data:        {
                                        },
                                        rwLock: sync.RWMutex{},
                                    },
                                    &html.TextNode{Type:"TEXT", Content:"\n        ", HasEnding:false},
                                    &html.ElementNode{
                                        Type:     "ELEMENT",
                                        Tag:      "address",
                                        Children: {
                                            !%v(DEPTH EXCEEDED),
                                            !%v(DEPTH EXCEEDED),
                                            !%v(DEPTH EXCEEDED),
                                            !%v(DEPTH EXCEEDED),
                                            !%v(DEPTH EXCEEDED),
                                            !%v(DEPTH EXCEEDED),
                                        },
                                        IsKnownVoid: false,
                                        HasEnding:   true,
                                        data:        {
                                        },
                                        rwLock: sync.RWMutex{},
                                    },
                                    &html.TextNode{Type:"TEXT", Content:"\n      ", HasEnding:false},
                                },
                                IsKnownVoid: false,
                                HasEnding:   true,
                                data:        {
                                },
                                rwLock: sync.RWMutex{},
                            },
                            &html.TextNode{Type:"TEXT", Content:"\n      ", HasEnding:false},
                            &html.ElementNode{
                                Type:     "ELEMENT",
                                Tag:      "article",
                                Children: {
                                    &html.TextNode{Type:"TEXT", Content:"\n        ", HasEnding:false},
                                    &html.ElementNode{
                                        Type:     "ELEMENT",
                                        Tag:      "h2",
                                        Children: {
                                            !%v(DEPTH EXCEEDED),
                                        },
                                        IsKnownVoid: false,
                                        HasEnding:   true,
                                        data:        {
                                        },
                                        rwLock: sync.RWMutex{},
                                    },
                                    &html.TextNode{Type:"TEXT", Content:"\n        ", HasEnding:false},
                                    &html.ElementNode{
                                        Type:     "ELEMENT",
                                        Tag:      "p",
                                        Children: {
                                            !%v(DEPTH EXCEEDED),
                                            !%v(DEPTH EXCEEDED),
                                            !%v(DEPTH EXCEEDED),
                                            !%v(DEPTH EXCEEDED),
                                            !%v(DEPTH EXCEEDED),
                                        },
                                        IsKnownVoid: false,
                                        HasEnding:   true,
                                        data:        {
                                        },
                                        rwLock: sync.RWMutex{},
                                    },
                                    &html.TextNode{Type:"TEXT", Content:"\n        ", HasEnding:false},
                                    &html.ElementNode{
                                        Type:     "ELEMENT",
                                        Tag:      "ul",
                                        Children: {
                                            !%v(DEPTH EXCEEDED),
                                            !%v(DEPTH EXCEEDED),
                                            !%v(DEPTH EXCEEDED),
                                            !%v(DEPTH EXCEEDED),
                                            !%v(DEPTH EXCEEDED),
                                            !%v(DEPTH EXCEEDED),
                                            !%v(DEPTH EXCEEDED),
                                            !%v(DEPTH EXCEEDED),
                                            !%v(DEPTH EXCEEDED),
                                        },
                                        IsKnownVoid: false,
                                        HasEnding:   true,
                                        data:        {
                                        },
                                        rwLock: sync.RWMutex{},
                                    },
                                    &html.TextNode{Type:"TEXT", Content:"\n        ", HasEnding:false},
                                    &html.ElementNode{
                                        Type:     "ELEMENT",
                                        Tag:      "p",
                                        Children: {
                                            !%v(DEPTH EXCEEDED),
                                            !%v(DEPTH EXCEEDED),
                                            !%v(DEPTH EXCEEDED),
                                        },
                                        IsKnownVoid: false,
                                        HasEnding:   true,
                                        data:        {
                                        },
                                        rwLock: sync.RWMutex{},
                                    },
                                    &html.TextNode{Type:"TEXT", Content:"\n        ", HasEnding:false},
                                    &html.ElementNode{
                                        Type:     "ELEMENT",
                                        Tag:      "menu",
                                        Children: {
                                            !%v(DEPTH EXCEEDED),
                                            !%v(DEPTH EXCEEDED),
                                            !%v(DEPTH EXCEEDED),
                                            !%v(DEPTH EXCEEDED),
                                            !%v(DEPTH EXCEEDED),
                                            !%v(DEPTH EXCEEDED),
                                            !%v(DEPTH EXCEEDED),
                                        },
                                        IsKnownVoid: false,
                                        HasEnding:   true,
                                        data:        {
                                        },
                                        rwLock: sync.RWMutex{},
                                    },
                                    &html.TextNode{Type:"TEXT", Content:"\n        ", HasEnding:false},
                                    &html.ElementNode{
                                        Type:     "ELEMENT",
                                        Tag:      "p",
                                        Children: {
                                            !%v(DEPTH EXCEEDED),
                                            !%v(DEPTH EXCEEDED),
                                            !%v(DEPTH EXCEEDED),
                                        },
                                        IsKnownVoid: false,
                                        HasEnding:   true,
                                        data:        {
                                        },
                                        rwLock: sync.RWMutex{},
                                    },
                                    &html.TextNode{Type:"TEXT", Content:"\n        ", HasEnding:false},
                                    &html.ElementNode{
                                        Type:     "ELEMENT",
                                        Tag:      "dir",
                                        Children: {
                                            !%v(DEPTH EXCEEDED),
                                            !%v(DEPTH EXCEEDED),
                                            !%v(DEPTH EXCEEDED),
                                            !%v(DEPTH EXCEEDED),
                                            !%v(DEPTH EXCEEDED),
                                            !%v(DEPTH EXCEEDED),
                                            !%v(DEPTH EXCEEDED),
                                        },
                                        IsKnownVoid: false,
                                        HasEnding:   true,
                                        data:        {
                                        },
                                        rwLock: sync.RWMutex{},
                                    },
                                    &html.TextNode{Type:"TEXT", Content:"\n        ", HasEnding:false},
                                    &html.ElementNode{
                                        Type:     "ELEMENT",
                                        Tag:      "p",
                                        Children: {
                                            !%v(DEPTH EXCEEDED),
                                            !%v(DEPTH EXCEEDED),
                                            !%v(DEPTH EXCEEDED),
                                            !%v(DEPTH EXCEEDED),
                                            !%v(DEPTH EXCEEDED),
                                        },
                                        IsKnownVoid: false,
                                        HasEnding:   true,
                                        data:        {
                                        },
                                        rwLock: sync.RWMutex{},
                                    },
                                    &html.TextNode{Type:"TEXT", Content:"\n        ", HasEnding:false},
                                    &html.ElementNode{
                                        Type:     "ELEMENT",
                                        Tag:      "ol",
                                        Children: {
                                            !%v(DEPTH EXCEEDED),
                                            !%v(DEPTH EXCEEDED),
                                            !%v(DEPTH EXCEEDED),
                                            !%v(DEPTH EXCEEDED),
                                            !%v(DEPTH EXCEEDED),
                                            !%v(DEPTH EXCEEDED),
                                            !%v(DEPTH EXCEEDED),
                                            !%v(DEPTH EXCEEDED),
                                            !%v(DEPTH EXCEEDED),
                                        },
                                        IsKnownVoid: false,
                                        HasEnding:   true,
                                        data:        {
                                        },
                                        rwLock: sync.RWMutex{},
                                    },
                                    &html.TextNode{Type:"TEXT", Content:"\n        ", HasEnding:false},
                                    &html.ElementNode{
                                        Type:     "ELEMENT",
                                        Tag:      "p",
                                        Children: {
                                            !%v(DEPTH EXCEEDED),
                                            !%v(DEPTH EXCEEDED),
                                            !%v(DEPTH EXCEEDED),
                                            !%v(DEPTH EXCEEDED),
                                            !%v(DEPTH EXCEEDED),
                                            !%v(DEPTH EXCEEDED),
                                            !%v(DEPTH EXCEEDED),
                                            !%v(DEPTH EXCEEDED),
                                            !%v(DEPTH EXCEEDED),
                                            !%v(DEPTH EXCEEDED),
                                            !%v(DEPTH EXCEEDED),
                                            !%v(DEPTH EXCEEDED),
                                            !%v(DEPTH EXCEEDED),
                                        },
                                        IsKnownVoid: false,
                                        HasEnding:   true,
                                        data:        {
                                        },
                                        rwLock: sync.RWMutex{},
                                    },
                                    &html.TextNode{Type:"TEXT", Content:"\n        ", HasEnding:false},
                                    &html.ElementNode{
                                        Type:     "ELEMENT",
                                        Tag:      "dl",
                                        Children: {
                                            !%v(DEPTH EXCEEDED),
                                            !%v(DEPTH EXCEEDED),
                                            !%v(DEPTH EXCEEDED),
                                            !%v(DEPTH EXCEEDED),
                                            !%v(DEPTH EXCEEDED),
                                            !%v(DEPTH EXCEEDED),
                                            !%v(DEPTH EXCEEDED),
                                            !%v(DEPTH EXCEEDED),
                                            !%v(DEPTH EXCEEDED),
                                            !%v(DEPTH EXCEEDED),
                                            !%v(DEPTH EXCEEDED),
                                            !%v(DEPTH EXCEEDED),
                                            !%v(DEPTH EXCEEDED),
                                            !%v(DEPTH EXCEEDED),
                                            !%v(DEPTH EXCEEDED),
                                            !%v(DEPTH EXCEEDED),
                                            !%v(DEPTH EXCEEDED),
                                        },
                                        IsKnownVoid: false,
                                        HasEnding:   true,
                                        data:        {
                                        },
                                        rwLock: sync.RWMutex{},
                                    },
                                    &html.TextNode{Type:"TEXT", Content:"\n      ", HasEnding:false},
                                },
                                IsKnownVoid: false,
                                HasEnding:   true,
                                data:        {
                                },
                                rwLock: sync.RWMutex{},
                            },
                            &html.TextNode{Type:"TEXT", Content:"\n      ", HasEnding:false},
                            &html.ElementNode{
                                Type:     "ELEMENT",
                                Tag:      "article",
                                Children: {
                                    &html.TextNode{Type:"TEXT", Content:"\n        ", HasEnding:false},
                                    &html.ElementNode{
                                        Type:     "ELEMENT",
                                        Tag:      "h2",
                                        Children: {
                                            !%v(DEPTH EXCEEDED),
                                        },
                                        IsKnownVoid: false,
                                        HasEnding:   true,
                                        data:        {
                                        },
                                        rwLock: sync.RWMutex{},
                                    },
                                    &html.TextNode{Type:"TEXT", Content:"\n        ", HasEnding:false},
                                    &html.ElementNode{
                                        Type:     "ELEMENT",
                                        Tag:      "ul",
                                        Children: {
                                            !%v(DEPTH EXCEEDED),
                                            !%v(DEPTH EXCEEDED),
                                            !%v(DEPTH EXCEEDED),
                                            !%v(DEPTH EXCEEDED),
                                            !%v(DEPTH EXCEEDED),
                                            !%v(DEPTH EXCEEDED),
                                            !%v(DEPTH EXCEEDED),
                                            !%v(DEPTH EXCEEDED),
                                            !%v(DEPTH EXCEEDED),
                                            !%v(DEPTH EXCEEDED),
                                            !%v(DEPTH EXCEEDED),
                                            !%v(DEPTH EXCEEDED),
                                            !%v(DEPTH EXCEEDED),
                                            !%v(DEPTH EXCEEDED),
                                            !%v(DEPTH EXCEEDED),
                                            !%v(DEPTH EXCEEDED),
                                            !%v(DEPTH EXCEEDED),
                                            !%v(DEPTH EXCEEDED),
                                            !%v(DEPTH EXCEEDED),
                                            !%v(DEPTH EXCEEDED),
                                            !%v(DEPTH EXCEEDED),
                                            !%v(DEPTH EXCEEDED),
                                            !%v(DEPTH EXCEEDED),
                                            !%v(DEPTH EXCEEDED),
                                            !%v(DEPTH EXCEEDED),
                                            !%v(DEPTH EXCEEDED),
                                            !%v(DEPTH EXCEEDED),
                                            !%v(DEPTH EXCEEDED),
                                            !%v(DEPTH EXCEEDED),
                                            !%v(DEPTH EXCEEDED),
                                            !%v(DEPTH EXCEEDED),
                                            !%v(DEPTH EXCEEDED),
                                            !%v(DEPTH EXCEEDED),
                                            !%v(DEPTH EXCEEDED),
                                            !%v(DEPTH EXCEEDED),
                                            !%v(DEPTH EXCEEDED),
                                            !%v(DEPTH EXCEEDED),
                                            !%v(DEPTH EXCEEDED),
                                            !%v(DEPTH EXCEEDED),
                                            !%v(DEPTH EXCEEDED),
                                            !%v(DEPTH EXCEEDED),
                                            !%v(DEPTH EXCEEDED),
                                            !%v(DEPTH EXCEEDED),
                                        },
                                        IsKnownVoid: false,
                                        HasEnding:   true,
                                        data:        {
                                        },
                                        rwLock: sync.RWMutex{},
                                    },
                                    &html.TextNode{Type:"TEXT", Content:"\n        ", HasEnding:false},
                                    &html.ElementNode{
                                        Type:     "ELEMENT",
                                        Tag:      "p",
                                        Children: {
                                            !%v(DEPTH EXCEEDED),
                                            !%v(DEPTH EXCEEDED),
                                            !%v(DEPTH EXCEEDED),
                                        },
                                        IsKnownVoid: false,
                                        HasEnding:   true,
                                        data:        {
                                        },
                                        rwLock: sync.RWMutex{},
                                    },
                                    &html.TextNode{Type:"TEXT", Content:"\n        ", HasEnding:false},
                                    &html.ElementNode{
                                        Type:     "ELEMENT",
                                        Tag:      "ul",
                                        Children: {
                                            !%v(DEPTH EXCEEDED),
                                            !%v(DEPTH EXCEEDED),
                                            !%v(DEPTH EXCEEDED),
                                            !%v(DEPTH EXCEEDED),
                                            !%v(DEPTH EXCEEDED),
                                            !%v(DEPTH EXCEEDED),
                                            !%v(DEPTH EXCEEDED),
                                            !%v(DEPTH EXCEEDED),
                                            !%v(DEPTH EXCEEDED),
                                        },
                                        IsKnownVoid: false,
                                        HasEnding:   true,
                                        data:        {
                                        },
                                        rwLock: sync.RWMutex{},
                                    },
                                    &html.TextNode{Type:"TEXT", Content:"\n        ", HasEnding:false},
                                    &html.ElementNode{
                                        Type:     "ELEMENT",
                                        Tag:      "h2",
                                        Children: {
                                            !%v(DEPTH EXCEEDED),
                                        },
                                        IsKnownVoid: false,
                                        HasEnding:   true,
                                        data:        {
                                        },
                                        rwLock: sync.RWMutex{},
                                    },
                                    &html.TextNode{Type:"TEXT", Content:"\n        ", HasEnding:false},
                                    &html.ElementNode{
                                        Type:     "ELEMENT",
                                        Tag:      "ul",
                                        Children: {
                                            !%v(DEPTH EXCEEDED),
                                            !%v(DEPTH EXCEEDED),
                                            !%v(DEPTH EXCEEDED),
                                            !%v(DEPTH EXCEEDED),
                                            !%v(DEPTH EXCEEDED),
                                        },
                                        IsKnownVoid: false,
                                        HasEnding:   true,
                                        data:        {
                                        },
                                        rwLock: sync.RWMutex{},
                                    },
                                    &html.TextNode{Type:"TEXT", Content:"\n        ", HasEnding:false},
                                    &html.ElementNode{
                                        Type:     "ELEMENT",
                                        Tag:      "p",
                                        Children: {
                                            !%v(DEPTH EXCEEDED),
                                            !%v(DEPTH EXCEEDED),
                                            !%v(DEPTH EXCEEDED),
                                            !%v(DEPTH EXCEEDED),
                                            !%v(DEPTH EXCEEDED),
                                        },
                                        IsKnownVoid: false,
                                        HasEnding:   true,
                                        data:        {
                                        },
                                        rwLock: sync.RWMutex{},
                                    },
                                    &html.TextNode{Type:"TEXT", Content:"\n      ", HasEnding:false},
                                },
                                IsKnownVoid: false,
                                HasEnding:   true,
                                data:        {
                                },
                                rwLock: sync.RWMutex{},
                            },
                            &html.TextNode{Type:"TEXT", Content:"\n      ", HasEnding:false},
                            &html.ElementNode{
                                Type:     "ELEMENT",
                                Tag:      "article",
                                Children: {
                                    &html.TextNode{Type:"TEXT", Content:"\n        ", HasEnding:false},
                                    &html.ElementNode{
                                        Type:     "ELEMENT",
                                        Tag:      "h2",
                                        Children: {
                                            !%v(DEPTH EXCEEDED),
                                        },
                                        IsKnownVoid: false,
                                        HasEnding:   true,
                                        data:        {
                                        },
                                        rwLock: sync.RWMutex{},
                                    },
                                    &html.TextNode{Type:"TEXT", Content:"\n        ", HasEnding:false},
                                    &html.ElementNode{
                                        Type:     "ELEMENT",
                                        Tag:      "form",
                                        Children: {
                                            !%v(DEPTH EXCEEDED),
                                            !%v(DEPTH EXCEEDED),
                                            !%v(DEPTH EXCEEDED),
                                            !%v(DEPTH EXCEEDED),
                                            !%v(DEPTH EXCEEDED),
                                            !%v(DEPTH EXCEEDED),
                                            !%v(DEPTH EXCEEDED),
                                            !%v(DEPTH EXCEEDED),
                                            !%v(DEPTH EXCEEDED),
                                            !%v(DEPTH EXCEEDED),
                                            !%v(DEPTH EXCEEDED),
                                            !%v(DEPTH EXCEEDED),
                                            !%v(DEPTH EXCEEDED),
                                            !%v(DEPTH EXCEEDED),
                                            !%v(DEPTH EXCEEDED),
                                            !%v(DEPTH EXCEEDED),
                                            !%v(DEPTH EXCEEDED),
                                            !%v(DEPTH EXCEEDED),
                                            !%v(DEPTH EXCEEDED),
                                            !%v(DEPTH EXCEEDED),
                                            !%v(DEPTH EXCEEDED),
                                            !%v(DEPTH EXCEEDED),
                                            !%v(DEPTH EXCEEDED),
                                            !%v(DEPTH EXCEEDED),
                                            !%v(DEPTH EXCEEDED),
                                        },
                                        IsKnownVoid: false,
                                        HasEnding:   true,
                                        data:        {
                                            "action": {Value:"somewhere.cgi", IsPresent:true},
                                        },
                                        rwLock: sync.RWMutex{},
                                    },
                                    &html.TextNode{Type:"TEXT", Content:"\n      ", HasEnding:false},
                                },
                                IsKnownVoid: false,
                                HasEnding:   true,
                                data:        {
                                },
                                rwLock: sync.RWMutex{},
                            },
                            &html.TextNode{Type:"TEXT", Content:"\n      ", HasEnding:false},
                            &html.ElementNode{
                                Type:     "ELEMENT",
                                Tag:      "article",
                                Children: {
                                    &html.TextNode{Type:"TEXT", Content:"\n        ", HasEnding:false},
                                    &html.ElementNode{
                                        Type:     "ELEMENT",
                                        Tag:      "h2",
                                        Children: {
                                            !%v(DEPTH EXCEEDED),
                                        },
                                        IsKnownVoid: false,
                                        HasEnding:   true,
                                        data:        {
                                        },
                                        rwLock: sync.RWMutex{},
                                    },
                                    &html.TextNode{Type:"TEXT", Content:"\n        ", HasEnding:false},
                                    &html.ElementNode{
                                        Type:     "ELEMENT",
                                        Tag:      "p",
                                        Children: {
                                            !%v(DEPTH EXCEEDED),
                                            !%v(DEPTH EXCEEDED),
                                            !%v(DEPTH EXCEEDED),
                                            !%v(DEPTH EXCEEDED),
                                            !%v(DEPTH EXCEEDED),
                                        },
                                        IsKnownVoid: false,
                                        HasEnding:   true,
                                        data:        {
                                        },
                                        rwLock: sync.RWMutex{},
                                    },
                                    &html.TextNode{Type:"TEXT", Content:"\n        ", HasEnding:false},
                                    &html.ElementNode{
                                        Type:     "ELEMENT",
                                        Tag:      "table",
                                        Children: {
                                            !%v(DEPTH EXCEEDED),
                                            !%v(DEPTH EXCEEDED),
                                            !%v(DEPTH EXCEEDED),
                                            !%v(DEPTH EXCEEDED),
                                            !%v(DEPTH EXCEEDED),
                                            !%v(DEPTH EXCEEDED),
                                            !%v(DEPTH EXCEEDED),
                                            !%v(DEPTH EXCEEDED),
                                            !%v(DEPTH EXCEEDED),
                                        },
                                        IsKnownVoid: false,
                                        HasEnding:   true,
                                        data:        {
                                            "summary": {Value:"Each row names a Nordic country and specifies its total area and land area, in square kilometers", IsPresent:true},
                                        },
                                        rwLock: sync.RWMutex{},
                                    },
                                    &html.TextNode{Type:"TEXT", Content:"\n      ", HasEnding:false},
                                },
                                IsKnownVoid: false,
                                HasEnding:   true,
                                data:        {
                                },
                                rwLock: sync.RWMutex{},
                            },
                            &html.TextNode{Type:"TEXT", Content:"\n      ", HasEnding:false},
                            &html.ElementNode{
                                Type:     "ELEMENT",
                                Tag:      "article",
                                Children: {
                                    &html.TextNode{Type:"TEXT", Content:"\n        ", HasEnding:false},
                                    &html.ElementNode{
                                        Type:     "ELEMENT",
                                        Tag:      "h2",
                                        Children: {
                                            !%v(DEPTH EXCEEDED),
                                        },
                                        IsKnownVoid: false,
                                        HasEnding:   true,
                                        data:        {
                                        },
                                        rwLock: sync.RWMutex{},
                                    },
                                    &html.TextNode{Type:"TEXT", Content:"\n        ", HasEnding:false},
                                    &html.ElementNode{
                                        Type:     "ELEMENT",
                                        Tag:      "h3",
                                        Children: {
                                            !%v(DEPTH EXCEEDED),
                                        },
                                        IsKnownVoid: false,
                                        HasEnding:   true,
                                        data:        {
                                        },
                                        rwLock: sync.RWMutex{},
                                    },
                                    &html.TextNode{Type:"TEXT", Content:"\n        ", HasEnding:false},
                                    &html.ElementNode{
                                        Type:     "ELEMENT",
                                        Tag:      "details",
                                        Children: {
                                            !%v(DEPTH EXCEEDED),
                                            !%v(DEPTH EXCEEDED),
                                            !%v(DEPTH EXCEEDED),
                                            !%v(DEPTH EXCEEDED),
                                            !%v(DEPTH EXCEEDED),
                                        },
                                        IsKnownVoid: false,
                                        HasEnding:   true,
                                        data:        {
                                        },
                                        rwLock: sync.RWMutex{},
                                    },
                                    &html.TextNode{Type:"TEXT", Content:"\n        ", HasEnding:false},
                                    &html.ElementNode{
                                        Type:     "ELEMENT",
                                        Tag:      "h3",
                                        Children: {
                                            !%v(DEPTH EXCEEDED),
                                        },
                                        IsKnownVoid: false,
                                        HasEnding:   true,
                                        data:        {
                                        },
                                        rwLock: sync.RWMutex{},
                                    },
                                    &html.TextNode{Type:"TEXT", Content:"\n        ", HasEnding:false},
                                    &html.ElementNode{
                                        Type:     "ELEMENT",
                                        Tag:      "figure",
                                        Children: {
                                            !%v(DEPTH EXCEEDED),
                                            !%v(DEPTH EXCEEDED),
                                            !%v(DEPTH EXCEEDED),
                                            !%v(DEPTH EXCEEDED),
                                            !%v(DEPTH EXCEEDED),
                                        },
                                        IsKnownVoid: false,
                                        HasEnding:   true,
                                        data:        {
                                        },
                                        rwLock: sync.RWMutex{},
                                    },
                                    &html.TextNode{Type:"TEXT", Content:"\n        ", HasEnding:false},
                                    &html.ElementNode{
                                        Type:     "ELEMENT",
                                        Tag:      "dialog",
                                        Children: {
                                            !%v(DEPTH EXCEEDED),
                                        },
                                        IsKnownVoid: false,
                                        HasEnding:   true,
                                        data:        {
                                        },
                                        rwLock: sync.RWMutex{},
                                    },
                                    &html.TextNode{Type:"TEXT", Content:"\n        ", HasEnding:false},
                                    &html.ElementNode{
                                        Type:     "ELEMENT",
                                        Tag:      "p",
                                        Children: {
                                            !%v(DEPTH EXCEEDED),
                                            !%v(DEPTH EXCEEDED),
                                        },
                                        IsKnownVoid: false,
                                        HasEnding:   true,
                                        data:        {
                                        },
                                        rwLock: sync.RWMutex{},
                                    },
                                    &html.TextNode{Type:"TEXT", Content:"\n        ", HasEnding:false},
                                    &html.ElementNode{
                                        Type:     "ELEMENT",
                                        Tag:      "h3",
                                        Children: {
                                            !%v(DEPTH EXCEEDED),
                                        },
                                        IsKnownVoid: false,
                                        HasEnding:   true,
                                        data:        {
                                        },
                                        rwLock: sync.RWMutex{},
                                    },
                                    &html.TextNode{Type:"TEXT", Content:"\n        ", HasEnding:false},
                                    &html.ElementNode{
                                        Type:     "ELEMENT",
                                        Tag:      "ul",
                                        Children: {
                                            !%v(DEPTH EXCEEDED),
                                            !%v(DEPTH EXCEEDED),
                                            !%v(DEPTH EXCEEDED),
                                            !%v(DEPTH EXCEEDED),
                                            !%v(DEPTH EXCEEDED),
                                            !%v(DEPTH EXCEEDED),
                                            !%v(DEPTH EXCEEDED),
                                            !%v(DEPTH EXCEEDED),
                                            !%v(DEPTH EXCEEDED),
                                        },
                                        IsKnownVoid: false,
                                        HasEnding:   true,
                                        data:        {
                                        },
                                        rwLock: sync.RWMutex{},
                                    },
                                    &html.TextNode{Type:"TEXT", Content:"\n        ", HasEnding:false},
                                    &html.ElementNode{
                                        Type:     "ELEMENT",
                                        Tag:      "h3",
                                        Children: {
                                            !%v(DEPTH EXCEEDED),
                                        },
                                        IsKnownVoid: false,
                                        HasEnding:   true,
                                        data:        {
                                        },
                                        rwLock: sync.RWMutex{},
                                    },
                                    &html.TextNode{Type:"TEXT", Content:"\n        ", HasEnding:false},
                                    &html.ElementNode{
                                        Type:     "ELEMENT",
                                        Tag:      "ul",
                                        Children: {
                                            !%v(DEPTH EXCEEDED),
                                            !%v(DEPTH EXCEEDED),
                                            !%v(DEPTH EXCEEDED),
                                            !%v(DEPTH EXCEEDED),
                                            !%v(DEPTH EXCEEDED),
                                            !%v(DEPTH EXCEEDED),
                                            !%v(DEPTH EXCEEDED),
                                        },
                                        IsKnownVoid: false,
                                        HasEnding:   true,
                                        data:        {
                                        },
                                        rwLock: sync.RWMutex{},
                                    },
                                    &html.TextNode{Type:"TEXT", Content:"\n      ", HasEnding:false},
                                },
                                IsKnownVoid: false,
                                HasEnding:   true,
                                data:        {
                                },
                                rwLock: sync.RWMutex{},
                            },
                            &html.TextNode{Type:"TEXT", Content:"\n      ", HasEnding:false},
                            &html.ElementNode{
                                Type:     "ELEMENT",
                                Tag:      "aside",
                                Children: {
                                    &html.TextNode{Type:"TEXT", Content:"\n        ", HasEnding:false},
                                    &html.ElementNode{
                                        Type:     "ELEMENT",
                                        Tag:      "h1",
                                        Children: {
                                            !%v(DEPTH EXCEEDED),
                                        },
                                        IsKnownVoid: false,
                                        HasEnding:   true,
                                        data:        {
                                        },
                                        rwLock: sync.RWMutex{},
                                    },
                                    &html.TextNode{Type:"TEXT", Content:"\n        ", HasEnding:false},
                                    &html.ElementNode{
                                        Type:     "ELEMENT",
                                        Tag:      "h2",
                                        Children: {
                                            !%v(DEPTH EXCEEDED),
                                        },
                                        IsKnownVoid: false,
                                        HasEnding:   true,
                                        data:        {
                                        },
                                        rwLock: sync.RWMutex{},
                                    },
                                    &html.TextNode{Type:"TEXT", Content:"\n        ", HasEnding:false},
                                    &html.ElementNode{
                                        Type:     "ELEMENT",
                                        Tag:      "p",
                                        Children: {
                                            !%v(DEPTH EXCEEDED),
                                        },
                                        IsKnownVoid: false,
                                        HasEnding:   true,
                                        data:        {
                                        },
                                        rwLock: sync.RWMutex{},
                                    },
                                    &html.TextNode{Type:"TEXT", Content:"\n        ", HasEnding:false},
                                    &html.ElementNode{
                                        Type:     "ELEMENT",
                                        Tag:      "table",
                                        Children: {
                                            !%v(DEPTH EXCEEDED),
                                            !%v(DEPTH EXCEEDED),
                                            !%v(DEPTH EXCEEDED),
                                            !%v(DEPTH EXCEEDED),
                                            !%v(DEPTH EXCEEDED),
                                        },
                                        IsKnownVoid: false,
                                        HasEnding:   true,
                                        data:        {
                                        },
                                        rwLock: sync.RWMutex{},
                                    },
                                    &html.TextNode{Type:"TEXT", Content:"\n      ", HasEnding:false},
                                },
                                IsKnownVoid: false,
                                HasEnding:   true,
                                data:        {
                                },
                                rwLock: sync.RWMutex{},
                            },
                            &html.TextNode{Type:"TEXT", Content:"\n    ", HasEnding:false},
                        },
                        IsKnownVoid: false,
                        HasEnding:   true,
                        data:        {
                        },
                        rwLock: sync.RWMutex{},
                    },
                    &html.TextNode{Type:"TEXT", Content:"\n    ", HasEnding:false},
                    &html.ElementNode{
                        Type:     "ELEMENT",
                        Tag:      "footer",
                        Children: {
                            &html.TextNode{Type:"TEXT", Content:"\n      ", HasEnding:false},
                            &html.ElementNode{
                                Type:     "ELEMENT",
                                Tag:      "hr",
                                Children: {
                                },
                                IsKnownVoid: true,
                                HasEnding:   false,
                                data:        {
                                    "title": {Value:"Information about this document", IsPresent:true},
                                },
                                rwLock: sync.RWMutex{},
                            },
                            &html.TextNode{Type:"TEXT", Content:"\n      ", HasEnding:false},
                            &html.ElementNode{
                                Type:     "ELEMENT",
                                Tag:      "p",
                                Children: {
                                    &html.TextNode{Type:"TEXT", Content:"This ", HasEnding:false},
                                    &html.ElementNode{
                                        Type:     "ELEMENT",
                                        Tag:      "code",
                                        Children: {
                                            !%v(DEPTH EXCEEDED),
                                        },
                                        IsKnownVoid: false,
                                        HasEnding:   true,
                                        data:        {
                                        },
                                        rwLock: sync.RWMutex{},
                                    },
                                    &html.TextNode{Type:"TEXT", Content:" starts with an ", HasEnding:false},
                                    &html.ElementNode{
                                        Type:     "ELEMENT",
                                        Tag:      "code",
                                        Children: {
                                            !%v(DEPTH EXCEEDED),
                                        },
                                        IsKnownVoid: false,
                                        HasEnding:   true,
                                        data:        {
                                        },
                                        rwLock: sync.RWMutex{},
                                    },
                                    &html.TextNode{Type:"TEXT", Content:", followed by two ", HasEnding:false},
                                    &html.ElementNode{
                                        Type:     "ELEMENT",
                                        Tag:      "code",
                                        Children: {
                                            !%v(DEPTH EXCEEDED),
                                        },
                                        IsKnownVoid: false,
                                        HasEnding:   true,
                                        data:        {
                                        },
                                        rwLock: sync.RWMutex{},
                                    },
                                    &html.TextNode{Type:"TEXT", Content:"s.", HasEnding:false},
                                },
                                IsKnownVoid: false,
                                HasEnding:   true,
                                data:        {
                                },
                                rwLock: sync.RWMutex{},
                            },
                            &html.TextNode{Type:"TEXT", Content:"\n      ", HasEnding:false},
                            &html.ElementNode{
                                Type:     "ELEMENT",
                                Tag:      "p",
                                Children: {
                                    &html.TextNode{Type:"TEXT", Content:"Last update: ", HasEnding:false},
                                    &html.ElementNode{
                                        Type:     "ELEMENT",
                                        Tag:      "time",
                                        Children: {
                                            !%v(DEPTH EXCEEDED),
                                        },
                                        IsKnownVoid: false,
                                        HasEnding:   true,
                                        data:        {
                                        },
                                        rwLock: sync.RWMutex{},
                                    },
                                    &html.TextNode{Type:"TEXT", Content:".", HasEnding:false},
                                },
                                IsKnownVoid: false,
                                HasEnding:   true,
                                data:        {
                                },
                                rwLock: sync.RWMutex{},
                            },
                            &html.TextNode{Type:"TEXT", Content:"\n    ", HasEnding:false},
                        },
                        IsKnownVoid: false,
                        HasEnding:   true,
                        data:        {
                        },
                        rwLock: sync.RWMutex{},
                    },
                    &html.TextNode{Type:"TEXT", Content:"\n  ", HasEnding:false},
                },
                IsKnownVoid: false,
                HasEnding:   true,
                data:        {
                },
                rwLock: sync.RWMutex{},
            },
            &html.TextNode{Type:"TEXT", Content:"\n", HasEnding:false},
        },
        IsKnownVoid: false,
        HasEnding:   true,
        data:        {
            "lang": {Value:"en", IsPresent:true},
        },
        rwLock: sync.RWMutex{},
    },
}
---
